Performing C SOURCE FILE Test CMAKE_HAVE_LIBC_PTHREAD failed with the following output:
Change Dir: /home/cnic/project/lzj/boringssl/CMakeFiles/CMakeTmp

Run Build Command(s):/usr/bin/make cmTC_b9290/fast && /usr/bin/make -f CMakeFiles/cmTC_b9290.dir/build.make CMakeFiles/cmTC_b9290.dir/build
make[1]: 进入目录“/home/cnic/project/lzj/boringssl/CMakeFiles/CMakeTmp”
/usr/bin/cmake: /usr/local/lib/libcurl.so.4: no version information available (required by /usr/bin/cmake)
Building C object CMakeFiles/cmTC_b9290.dir/src.c.o
/usr/bin/cc   -Werror -Wformat=2 -Wsign-compare -Wwrite-strings -Wvla -Wshadow -Wtype-limits -ggdb -Wall -fvisibility=hidden -fno-common -Wno-free-nonheap-object -Wimplicit-fallthrough -Wformat-signedness -Wmissing-prototypes -Wold-style-definition -Wstrict-prototypes -D_XOPEN_SOURCE=700 -DCMAKE_HAVE_LIBC_PTHREAD   -std=gnu11 -o CMakeFiles/cmTC_b9290.dir/src.c.o   -c /home/cnic/project/lzj/boringssl/CMakeFiles/CMakeTmp/src.c
/home/cnic/project/lzj/boringssl/CMakeFiles/CMakeTmp/src.c:3:7: error: no previous prototype for ‘test_func’ [-Werror=missing-prototypes]
    3 | void* test_func(void* data)
      |       ^~~~~~~~~
cc1: all warnings being treated as errors
make[1]: *** [CMakeFiles/cmTC_b9290.dir/build.make:66：CMakeFiles/cmTC_b9290.dir/src.c.o] 错误 1
make[1]: 离开目录“/home/cnic/project/lzj/boringssl/CMakeFiles/CMakeTmp”
make: *** [Makefile:121：cmTC_b9290/fast] 错误 2


Source file was:
#include <pthread.h>

void* test_func(void* data)
{
  return data;
}

int main(void)
{
  pthread_t thread;
  pthread_create(&thread, NULL, test_func, NULL);
  pthread_detach(thread);
  pthread_join(thread, NULL);
  pthread_atfork(NULL, NULL, NULL);
  pthread_exit(NULL);

  return 0;
}

Determining if the function pthread_create exists in the pthreads failed with the following output:
Change Dir: /home/cnic/project/lzj/boringssl/CMakeFiles/CMakeTmp

Run Build Command(s):/usr/bin/make cmTC_c76e7/fast && /usr/bin/make -f CMakeFiles/cmTC_c76e7.dir/build.make CMakeFiles/cmTC_c76e7.dir/build
make[1]: 进入目录“/home/cnic/project/lzj/boringssl/CMakeFiles/CMakeTmp”
/usr/bin/cmake: /usr/local/lib/libcurl.so.4: no version information available (required by /usr/bin/cmake)
Building C object CMakeFiles/cmTC_c76e7.dir/CheckFunctionExists.c.o
/usr/bin/cc   -Werror -Wformat=2 -Wsign-compare -Wwrite-strings -Wvla -Wshadow -Wtype-limits -ggdb -Wall -fvisibility=hidden -fno-common -Wno-free-nonheap-object -Wimplicit-fallthrough -Wformat-signedness -Wmissing-prototypes -Wold-style-definition -Wstrict-prototypes -D_XOPEN_SOURCE=700 -DCHECK_FUNCTION_EXISTS=pthread_create   -std=gnu11 -o CMakeFiles/cmTC_c76e7.dir/CheckFunctionExists.c.o   -c /usr/share/cmake-3.16/Modules/CheckFunctionExists.c
/usr/bin/cmake: /usr/local/lib/libcurl.so.4: no version information available (required by /usr/bin/cmake)
Linking C executable cmTC_c76e7
/usr/bin/cmake -E cmake_link_script CMakeFiles/cmTC_c76e7.dir/link.txt --verbose=1
/usr/bin/cmake: /usr/local/lib/libcurl.so.4: no version information available (required by /usr/bin/cmake)
/usr/bin/cc  -Werror -Wformat=2 -Wsign-compare -Wwrite-strings -Wvla -Wshadow -Wtype-limits -ggdb -Wall -fvisibility=hidden -fno-common -Wno-free-nonheap-object -Wimplicit-fallthrough -Wformat-signedness -Wmissing-prototypes -Wold-style-definition -Wstrict-prototypes -D_XOPEN_SOURCE=700 -DCHECK_FUNCTION_EXISTS=pthread_create    CMakeFiles/cmTC_c76e7.dir/CheckFunctionExists.c.o  -o cmTC_c76e7  -lpthreads 
/usr/bin/ld: 找不到 -lpthreads
collect2: error: ld returned 1 exit status
make[1]: *** [CMakeFiles/cmTC_c76e7.dir/build.make:87：cmTC_c76e7] 错误 1
make[1]: 离开目录“/home/cnic/project/lzj/boringssl/CMakeFiles/CMakeTmp”
make: *** [Makefile:121：cmTC_c76e7/fast] 错误 2



